 3  6371.000     2.214
   1 0.4738647465D-05
   1 0.7827948325D-04
   1 0.9041999174D-04
   1 0.9672560722D-04
   1 0.1103237016D-03
   1 0.1426959777D-03
   2 0.5796480519D-03
   2 0.8796245965D-01
   2 0.3229795395D+00
   3 0.1165615403D-02
   3 0.8597892353D-01
   3 0.3194272444D+00
